// Jest Snapshot v1, https://goo.gl/fbAQLP

exports[`invert binary tree should reverse nodes in a tree with height 3 1`] = `
Object {
  "left": Object {
    "left": null,
    "right": Object {
      "left": null,
      "right": null,
      "value": 6,
    },
    "value": 3,
  },
  "right": Object {
    "left": Object {
      "left": null,
      "right": null,
      "value": 5,
    },
    "right": Object {
      "left": null,
      "right": null,
      "value": 4,
    },
    "value": 2,
  },
  "value": 1,
}
`;
